    "id": "e2dd7a28e8c2ea801d5817c192bfd9f1a56ba652fd2d1bfc02cc315762a67b18",
    "index": 0,
    "sizeBytes": 4277894
   }
